Reading netlist file: "/home/albert/Documents/02-PROJECTS/msx-asgard/MSXasgard_tn20k.herraa1/fpga/impl/gwsynthesis/MSX_asgard_wt102d.vg"
Parsing netlist file "/home/albert/Documents/02-PROJECTS/msx-asgard/MSXasgard_tn20k.herraa1/fpga/impl/gwsynthesis/MSX_asgard_wt102d.vg" completed
Processing netlist completed
Reading constraint file: "/home/albert/Documents/02-PROJECTS/msx-asgard/MSXasgard_tn20k.herraa1/fpga/msx_asgard_wt10x.cst"
Physical Constraint parsed completed
Running placement......
[10%] Placement Phase 0 completed
[20%] Placement Phase 1 completed
[30%] Placement Phase 2 completed
[50%] Placement Phase 3 completed
Running routing......
[60%] Routing Phase 0 completed
[70%] Routing Phase 1 completed
[80%] Routing Phase 2 completed
WARN  (PR1014) : Generic routing resource will be used to clock signal 'clkin_d' by the specified constraint. And then it may lead to the excessive delay or skew
[90%] Routing Phase 3 completed
Running timing analysis......
[95%] Timing analysis completed
Placement and routing completed
Bitstream generation in progress......
Bitstream generation completed
Running power analysis......
[100%] Power analysis completed
Generate file "/home/albert/Documents/02-PROJECTS/msx-asgard/MSXasgard_tn20k.herraa1/fpga/impl/pnr/MSX_asgard_wt102d.power.html" completed
Generate file "/home/albert/Documents/02-PROJECTS/msx-asgard/MSXasgard_tn20k.herraa1/fpga/impl/pnr/MSX_asgard_wt102d.pin.html" completed
Generate file "/home/albert/Documents/02-PROJECTS/msx-asgard/MSXasgard_tn20k.herraa1/fpga/impl/pnr/MSX_asgard_wt102d.rpt.html" completed
Generate file "/home/albert/Documents/02-PROJECTS/msx-asgard/MSXasgard_tn20k.herraa1/fpga/impl/pnr/MSX_asgard_wt102d.rpt.txt" completed
Generate file "/home/albert/Documents/02-PROJECTS/msx-asgard/MSXasgard_tn20k.herraa1/fpga/impl/pnr/MSX_asgard_wt102d.tr.html" completed
Mon Aug 31 22:21:45 2026

