Reading netlist file: "D:\datos\proyectos\43_Tang_Nano_20k\149_MSXasgard_tn20k\impl\gwsynthesis\MSX_asgard.vg"
Parsing netlist file "D:\datos\proyectos\43_Tang_Nano_20k\149_MSXasgard_tn20k\impl\gwsynthesis\MSX_asgard.vg" completed
Processing netlist completed
Reading constraint file: "D:\datos\proyectos\43_Tang_Nano_20k\149_MSXasgard_tn20k\msx_asgard.cst"
Physical Constraint parsed completed
Running placement......
[10%] Placement Phase 0 completed
[20%] Placement Phase 1 completed
[30%] Placement Phase 2 completed
[50%] Placement Phase 3 completed
Running routing......
[60%] Routing Phase 0 completed
[70%] Routing Phase 1 completed
[80%] Routing Phase 2 completed
WARN  (PR1014) : Generic routing resource will be used to clock signal 'ex_clk_27m_d' by the specified constraint. And then it may lead to the excessive delay or skew
[90%] Routing Phase 3 completed
Running timing analysis......
[95%] Timing analysis completed
Placement and routing completed
Bitstream generation in progress......
Bitstream generation completed
Running power analysis......
[100%] Power analysis completed
Generate file "D:\datos\proyectos\43_Tang_Nano_20k\149_MSXasgard_tn20k\impl\pnr\MSX_asgard.power.html" completed
Generate file "D:\datos\proyectos\43_Tang_Nano_20k\149_MSXasgard_tn20k\impl\pnr\MSX_asgard.pin.html" completed
Generate file "D:\datos\proyectos\43_Tang_Nano_20k\149_MSXasgard_tn20k\impl\pnr\MSX_asgard.rpt.html" completed
Generate file "D:\datos\proyectos\43_Tang_Nano_20k\149_MSXasgard_tn20k\impl\pnr\MSX_asgard.rpt.txt" completed
Generate file "D:\datos\proyectos\43_Tang_Nano_20k\149_MSXasgard_tn20k\impl\pnr\MSX_asgard.tr.html" completed
Sun Aug 23 18:07:44 2026

